/home/runner/work/seleniumCucumber/seleniumCucumber/src/test/java/stepDefination/debugStep.java
/home/runner/work/seleniumCucumber/seleniumCucumber/src/test/java/commonUtils/customTypes/ProductType.java
/home/runner/work/seleniumCucumber/seleniumCucumber/src/test/java/TestUtil/RunnerTest.java
/home/runner/work/seleniumCucumber/seleniumCucumber/src/test/java/commonUtils/factory/PageFactoryManager.java
/home/runner/work/seleniumCucumber/seleniumCucumber/src/test/java/stepDefination/BeforeAfter.java
/home/runner/work/seleniumCucumber/seleniumCucumber/src/test/java/commonUtils/factory/DriverFactory.java
/home/runner/work/seleniumCucumber/seleniumCucumber/src/test/java/commonUtils/Constants/Environment.java
/home/runner/work/seleniumCucumber/seleniumCucumber/src/test/java/pages/LoginPage.java
/home/runner/work/seleniumCucumber/seleniumCucumber/src/test/java/TestUtil/TestNGRunnerTest.java
/home/runner/work/seleniumCucumber/seleniumCucumber/src/test/java/commonUtils/domainObjects/Product.java
/home/runner/work/seleniumCucumber/seleniumCucumber/src/test/java/commonUtils/configUtil/ConfigLoader.java
/home/runner/work/seleniumCucumber/seleniumCucumber/src/test/java/commonUtils/configUtil/PropertyUtil.java
/home/runner/work/seleniumCucumber/seleniumCucumber/src/test/java/commonUtils/customTypes/LoginCredentialDataTable.java
/home/runner/work/seleniumCucumber/seleniumCucumber/src/test/java/stepDefination/commonSteps.java
/home/runner/work/seleniumCucumber/seleniumCucumber/src/test/java/commonUtils/domainObjects/LoginCredential.java
/home/runner/work/seleniumCucumber/seleniumCucumber/src/test/java/commonUtils/context/TestContext.java
/home/runner/work/seleniumCucumber/seleniumCucumber/src/test/java/stepDefination/LoginSteps.java
/home/runner/work/seleniumCucumber/seleniumCucumber/src/test/java/pages/BasePage.java
/home/runner/work/seleniumCucumber/seleniumCucumber/src/test/java/commonUtils/apiUtils/Requests.java
/home/runner/work/seleniumCucumber/seleniumCucumber/src/test/java/commonUtils/Constants/Browser.java
/home/runner/work/seleniumCucumber/seleniumCucumber/src/test/java/commonUtils/apiUtils/SpecBuilder.java
